#-----------------------------------------------------------
# Webtalk v2018.3 (64-bit)
# SW Build 2405991 on Thu Dec  6 23:38:27 MST 2018
# IP Build 2404404 on Fri Dec  7 01:43:56 MST 2018
# Start of session at: Sun Apr  9 02:58:56 2023
# Process ID: 60640
# Current directory: C:/Users/eexyh39/OneDrive/FPGA_Project/EEEE4123/CW/VivadoPrj/MatrixProcessingCore_32x32_16bits/MatrixProcessingCore_32x32_16bits.sim/sim_1/behav/xsim
# Command line: wbtcv.exe -mode batch -source C:/Users/eexyh39/OneDrive/FPGA_Project/EEEE4123/CW/VivadoPrj/MatrixProcessingCore_32x32_16bits/MatrixProcessingCore_32x32_16bits.sim/sim_1/behav/xsim/xsim.dir/tb_IntMatProCore_behav/webtalk/xsim_webtalk.tcl -notrace
# Log file: C:/Users/eexyh39/OneDrive/FPGA_Project/EEEE4123/CW/VivadoPrj/MatrixProcessingCore_32x32_16bits/MatrixProcessingCore_32x32_16bits.sim/sim_1/behav/xsim/webtalk.log
# Journal file: C:/Users/eexyh39/OneDrive/FPGA_Project/EEEE4123/CW/VivadoPrj/MatrixProcessingCore_32x32_16bits/MatrixProcessingCore_32x32_16bits.sim/sim_1/behav/xsim\webtalk.jou
#-----------------------------------------------------------
source C:/Users/eexyh39/OneDrive/FPGA_Project/EEEE4123/CW/VivadoPrj/MatrixProcessingCore_32x32_16bits/MatrixProcessingCore_32x32_16bits.sim/sim_1/behav/xsim/xsim.dir/tb_IntMatProCore_behav/webtalk/xsim_webtalk.tcl -notrace
